  game.c
C:\Users\mishi\OneDrive\Documentos\workspaces\GameDev\cgamecore\src\game.c(76,19): warning C4090: 'initializing': different 'const' qualifiers
C:\Users\mishi\OneDrive\Documentos\workspaces\GameDev\cgamecore\src\game.c(77,26): warning C4090: 'initializing': different 'const' qualifiers
C:\Users\mishi\OneDrive\Documentos\workspaces\GameDev\cgamecore\src\game.c(632,29): warning C4244: '=': conversion from 'lua_Number' to 'float', possible loss of data
C:\Users\mishi\OneDrive\Documentos\workspaces\GameDev\cgamecore\src\game.c(635,29): warning C4244: '=': conversion from 'lua_Number' to 'float', possible loss of data
C:\Users\mishi\OneDrive\Documentos\workspaces\GameDev\cgamecore\src\game.c(638,26): warning C4244: '=': conversion from 'lua_Number' to 'float', possible loss of data
C:\Users\mishi\OneDrive\Documentos\workspaces\GameDev\cgamecore\src\game.c(646,31): warning C4244: '=': conversion from 'lua_Number' to 'float', possible loss of data
C:\Users\mishi\OneDrive\Documentos\workspaces\GameDev\cgamecore\src\game.c(649,31): warning C4244: '=': conversion from 'lua_Number' to 'float', possible loss of data
C:\Users\mishi\OneDrive\Documentos\workspaces\GameDev\cgamecore\src\game.c(669,31): warning C4244: '=': conversion from 'lua_Number' to 'float', possible loss of data
C:\Users\mishi\OneDrive\Documentos\workspaces\GameDev\cgamecore\src\game.c(672,31): warning C4244: '=': conversion from 'lua_Number' to 'float', possible loss of data
C:\Users\mishi\OneDrive\Documentos\workspaces\GameDev\cgamecore\src\game.c(675,30): warning C4244: '=': conversion from 'lua_Number' to 'float', possible loss of data
C:\Users\mishi\OneDrive\Documentos\workspaces\GameDev\cgamecore\src\game.c(689,23): warning C4244: '=': conversion from 'lua_Number' to 'float', possible loss of data
C:\Users\mishi\OneDrive\Documentos\workspaces\GameDev\cgamecore\src\game.c(694,23): warning C4244: '=': conversion from 'lua_Number' to 'float', possible loss of data
C:\Users\mishi\OneDrive\Documentos\workspaces\GameDev\cgamecore\src\game.c(699,23): warning C4244: '=': conversion from 'lua_Number' to 'float', possible loss of data
C:\Users\mishi\OneDrive\Documentos\workspaces\GameDev\cgamecore\src\game.c(724,19): warning C4090: 'initializing': different 'const' qualifiers
C:\Users\mishi\OneDrive\Documentos\workspaces\GameDev\cgamecore\src\game.c(756,19): warning C4090: 'initializing': different 'const' qualifiers
C:\Users\mishi\OneDrive\Documentos\workspaces\GameDev\cgamecore\src\game.c(932,55): warning C4244: 'initializing': conversion from 'int' to 'float', possible loss of data
C:\Users\mishi\OneDrive\Documentos\workspaces\GameDev\cgamecore\src\game.c(932,90): warning C4244: 'initializing': conversion from 'int' to 'float', possible loss of data
C:\Users\mishi\OneDrive\Documentos\workspaces\GameDev\cgamecore\src\game.c(1555,24): warning C4090: 'initializing': different 'const' qualifiers
C:\Users\mishi\OneDrive\Documentos\workspaces\GameDev\cgamecore\src\game.c(1721,79): warning C4244: 'initializing': conversion from 'int' to 'float', possible loss of data
C:\Users\mishi\OneDrive\Documentos\workspaces\GameDev\cgamecore\src\game.c(1721,100): warning C4244: 'initializing': conversion from 'int' to 'float', possible loss of data
C:\Users\mishi\OneDrive\Documentos\workspaces\GameDev\cgamecore\src\game.c(1735,79): warning C4244: 'initializing': conversion from 'int' to 'float', possible loss of data
C:\Users\mishi\OneDrive\Documentos\workspaces\GameDev\cgamecore\src\game.c(1735,100): warning C4244: 'initializing': conversion from 'int' to 'float', possible loss of data
C:\Users\mishi\OneDrive\Documentos\workspaces\GameDev\cgamecore\src\game.c(1736,73): warning C4244: 'initializing': conversion from 'int' to 'float', possible loss of data
C:\Users\mishi\OneDrive\Documentos\workspaces\GameDev\cgamecore\src\game.c(1736,92): warning C4244: 'initializing': conversion from 'int' to 'float', possible loss of data
C:\Users\mishi\OneDrive\Documentos\workspaces\GameDev\cgamecore\src\game.c(1621,24): warning C4090: 'initializing': different 'const' qualifiers
C:\Users\mishi\OneDrive\Documentos\workspaces\GameDev\cgamecore\src\game.c(1845,30): warning C4244: 'initializing': conversion from 'int' to 'float', possible loss of data
C:\Users\mishi\OneDrive\Documentos\workspaces\GameDev\cgamecore\src\game.c(1845,40): warning C4244: 'initializing': conversion from 'int' to 'float', possible loss of data
C:\Users\mishi\OneDrive\Documentos\workspaces\GameDev\cgamecore\src\game.c(1845,65): warning C4244: 'initializing': conversion from 'int' to 'float', possible loss of data
C:\Users\mishi\OneDrive\Documentos\workspaces\GameDev\cgamecore\src\game.c(1845,119): warning C4244: 'initializing': conversion from 'int' to 'float', possible loss of data
C:\Users\mishi\OneDrive\Documentos\workspaces\GameDev\cgamecore\src\game.c(1853,28): warning C4244: 'initializing': conversion from 'float' to 'unsigned char', possible loss of data
C:\Users\mishi\OneDrive\Documentos\workspaces\GameDev\cgamecore\src\game.c(1854,28): warning C4244: 'initializing': conversion from 'float' to 'unsigned char', possible loss of data
C:\Users\mishi\OneDrive\Documentos\workspaces\GameDev\cgamecore\src\game.c(1855,28): warning C4244: 'initializing': conversion from 'float' to 'unsigned char', possible loss of data
C:\Users\mishi\OneDrive\Documentos\workspaces\GameDev\cgamecore\src\game.c(1855,49): warning C4244: 'initializing': conversion from 'float' to 'unsigned char', possible loss of data
C:\Users\mishi\OneDrive\Documentos\workspaces\GameDev\cgamecore\src\game.c(1855,108): warning C4244: 'initializing': conversion from 'float' to 'unsigned char', possible loss of data
C:\Users\mishi\OneDrive\Documentos\workspaces\GameDev\cgamecore\src\game.c(1864,49): warning C4244: 'initializing': conversion from 'int' to 'float', possible loss of data
C:\Users\mishi\OneDrive\Documentos\workspaces\GameDev\cgamecore\src\game.c(1864,111): warning C4244: 'initializing': conversion from 'int' to 'float', possible loss of data
C:\Users\mishi\OneDrive\Documentos\workspaces\GameDev\cgamecore\src\game.c(1873,26): warning C4244: 'initializing': conversion from 'float' to 'unsigned char', possible loss of data
C:\Users\mishi\OneDrive\Documentos\workspaces\GameDev\cgamecore\src\game.c(1874,26): warning C4244: 'initializing': conversion from 'float' to 'unsigned char', possible loss of data
C:\Users\mishi\OneDrive\Documentos\workspaces\GameDev\cgamecore\src\game.c(1875,26): warning C4244: 'initializing': conversion from 'float' to 'unsigned char', possible loss of data
C:\Users\mishi\OneDrive\Documentos\workspaces\GameDev\cgamecore\src\game.c(1875,47): warning C4244: 'initializing': conversion from 'float' to 'unsigned char', possible loss of data
C:\Users\mishi\OneDrive\Documentos\workspaces\GameDev\cgamecore\src\game.c(1875,106): warning C4244: 'initializing': conversion from 'float' to 'unsigned char', possible loss of data
C:\Users\mishi\OneDrive\Documentos\workspaces\GameDev\cgamecore\src\game.c(1885,50): warning C4244: 'initializing': conversion from 'int' to 'float', possible loss of data
C:\Users\mishi\OneDrive\Documentos\workspaces\GameDev\cgamecore\src\game.c(1885,58): warning C4244: 'initializing': conversion from 'int' to 'float', possible loss of data
C:\Users\mishi\OneDrive\Documentos\workspaces\GameDev\cgamecore\src\game.c(1893,26): warning C4244: 'initializing': conversion from 'float' to 'unsigned char', possible loss of data
C:\Users\mishi\OneDrive\Documentos\workspaces\GameDev\cgamecore\src\game.c(1894,26): warning C4244: 'initializing': conversion from 'float' to 'unsigned char', possible loss of data
C:\Users\mishi\OneDrive\Documentos\workspaces\GameDev\cgamecore\src\game.c(1895,26): warning C4244: 'initializing': conversion from 'float' to 'unsigned char', possible loss of data
C:\Users\mishi\OneDrive\Documentos\workspaces\GameDev\cgamecore\src\game.c(1907,31): warning C4244: 'initializing': conversion from 'int' to 'float', possible loss of data
C:\Users\mishi\OneDrive\Documentos\workspaces\GameDev\cgamecore\src\game.c(1907,42): warning C4244: 'initializing': conversion from 'int' to 'float', possible loss of data
C:\Users\mishi\OneDrive\Documentos\workspaces\GameDev\cgamecore\src\game.c(1907,67): warning C4244: 'initializing': conversion from 'int' to 'float', possible loss of data
C:\Users\mishi\OneDrive\Documentos\workspaces\GameDev\cgamecore\src\game.c(1907,121): warning C4244: 'initializing': conversion from 'int' to 'float', possible loss of data
C:\Users\mishi\OneDrive\Documentos\workspaces\GameDev\cgamecore\src\game.c(1915,26): warning C4244: 'initializing': conversion from 'float' to 'unsigned char', possible loss of data
C:\Users\mishi\OneDrive\Documentos\workspaces\GameDev\cgamecore\src\game.c(1916,26): warning C4244: 'initializing': conversion from 'float' to 'unsigned char', possible loss of data
C:\Users\mishi\OneDrive\Documentos\workspaces\GameDev\cgamecore\src\game.c(1917,26): warning C4244: 'initializing': conversion from 'float' to 'unsigned char', possible loss of data
C:\Users\mishi\OneDrive\Documentos\workspaces\GameDev\cgamecore\src\game.c(1917,47): warning C4244: 'initializing': conversion from 'float' to 'unsigned char', possible loss of data
C:\Users\mishi\OneDrive\Documentos\workspaces\GameDev\cgamecore\src\game.c(1905,29): warning C4244: 'initializing': conversion from 'float' to 'int', possible loss of data
  luascripting.c
C:\Users\mishi\OneDrive\Documentos\workspaces\GameDev\cgamecore\src\luascripting.c(392,15): warning C4244: 'initializing': conversion from 'lua_Integer' to 'int', possible loss of data
C:\Users\mishi\OneDrive\Documentos\workspaces\GameDev\cgamecore\src\luascripting.c(399,15): warning C4244: 'initializing': conversion from 'lua_Integer' to 'int', possible loss of data
C:\Users\mishi\OneDrive\Documentos\workspaces\GameDev\cgamecore\src\luascripting.c(406,15): warning C4244: 'initializing': conversion from 'lua_Integer' to 'int', possible loss of data
C:\Users\mishi\OneDrive\Documentos\workspaces\GameDev\cgamecore\src\luascripting.c(413,15): warning C4244: 'initializing': conversion from 'lua_Integer' to 'int', possible loss of data
C:\Users\mishi\OneDrive\Documentos\workspaces\GameDev\cgamecore\src\luascripting.c(553,27): warning C4244: 'function': conversion from 'ecs_entity_t' to 'lua_Number', possible loss of data
  Generating Code...
  cgamecore.vcxproj -> C:\Users\mishi\OneDrive\Documentos\workspaces\GameDev\cgamecore\x64\Debug\cgamecore.exe
